/// @java X
#[derive(Clone, Default)]
pub struct X {
}

impl X {

    pub fn new() -> Self { Default::default() }
}

/// @java X.A
#[derive(Clone, Copy, PartialEq, Eq, Hash, Debug, Default)]
pub enum A {
    #[default]
    AA,
}


/// @java X.B
#[derive(Clone, Copy, PartialEq, Eq, Hash, Debug, Default)]
pub enum B {
    #[default]
    BB,
}


