/// @java A
#[derive(Clone, Default)]
pub struct A {
}

impl A {

    /// @java A#m
    pub fn m(&self)   {
         {
             let mut i: i32 = 10;
            loop  {
                {
                    println!("{}", format!("i: {}", i));
                    if i > 100 {
                        break;
                    }

                }
                i += 1;
             }
         }

        ;
    }

    pub fn new() -> Self { Default::default() }
}

