/// @java A
#[derive(Clone, Default, PartialEq, Eq, Hash)]
pub struct A {
}

impl A {

    /// @java A#m
    pub fn m(&self)   {
         {
             let mut i: i32 = 0;
            while (i as f64) < 10.0 {
                {
                }
                i += 1;
             }
         }

    }



    pub fn new() -> Self { Default::default() }
}

